Modules list:
-------------
fadein.o:
    CODE              Offs=000000  Size=000081  Align=00001  Fill=0000
fadeout.o:
    CODE              Offs=000081  Size=000066  Align=00001  Fill=0000
LynxSD.o:
    CODE              Offs=0000E7  Size=0002CA  Align=00001  Fill=0000
    RODATA            Offs=000000  Size=000001  Align=00001  Fill=0000
    BSS               Offs=000000  Size=000009  Align=00001  Fill=0000
lynxeeprom.o:
    CODE              Offs=0003B1  Size=0000F5  Align=00001  Fill=0000
lynx-snd.o:
    CODE              Offs=0004A6  Size=00069C  Align=00001  Fill=0000
    RODATA            Offs=000001  Size=000108  Align=00001  Fill=0000
    BSS               Offs=000009  Size=000226  Align=00001  Fill=0000
    APPZP             Offs=000000  Size=000007  Align=00001  Fill=0000
resident.o:
    CODE              Offs=000B42  Size=00038C  Align=00001  Fill=0000
    RODATA            Offs=000109  Size=000015  Align=00001  Fill=0000
    BSS               Offs=00022F  Size=0000CD  Align=00001  Fill=0000
    DATA              Offs=000000  Size=000003  Align=00001  Fill=0000
intro.o:
    CODE              Offs=000ECE  Size=000159  Align=00001  Fill=0000
    RODATA            Offs=00011E  Size=00001B  Align=00001  Fill=0000
    BSS               Offs=0002FC  Size=000004  Align=00001  Fill=0000
    DATA              Offs=000003  Size=000017  Align=00001  Fill=0000
bg.o:
    RODATA            Offs=000139  Size=00162D  Align=00001  Fill=0000
game.o:
    CODE              Offs=001027  Size=0006A6  Align=00001  Fill=0000
    BSS               Offs=000300  Size=00001F  Align=00001  Fill=0000
    DATA              Offs=00001A  Size=000036  Align=00001  Fill=0000
tree.o:
    RODATA            Offs=001766  Size=001738  Align=00001  Fill=0000
sounds.o:
    CODE              Offs=0016CD  Size=0000B2  Align=00001  Fill=0000
/usr/local/lib/cc65/lib/lynx.lib(add.o):
    CODE              Offs=00177F  Size=000019  Align=00001  Fill=0000
/usr/local/lib/cc65/lib/lynx.lib(addysp.o):
    CODE              Offs=001798  Size=00000E  Align=00001  Fill=0000
/usr/local/lib/cc65/lib/lynx.lib(aslax1.o):
    CODE              Offs=0017A6  Size=000008  Align=00001  Fill=0000
/usr/local/lib/cc65/lib/lynx.lib(aslax4.o):
    CODE              Offs=0017AE  Size=000011  Align=00001  Fill=0000
/usr/local/lib/cc65/lib/lynx.lib(asr.o):
    CODE              Offs=0017BF  Size=00003C  Align=00001  Fill=0000
/usr/local/lib/cc65/lib/lynx.lib(asrax1.o):
    CODE              Offs=0017FB  Size=00000A  Align=00001  Fill=0000
/usr/local/lib/cc65/lib/lynx.lib(callirq.o):
    DATA              Offs=000050  Size=00001E  Align=00001  Fill=0000
/usr/local/lib/cc65/lib/lynx.lib(callmain.o):
    CODE              Offs=001805  Size=000017  Align=00001  Fill=0000
    BSS               Offs=00031F  Size=000004  Align=00001  Fill=0000
/usr/local/lib/cc65/lib/lynx.lib(condes.o):
    CODE              Offs=00181C  Size=00000C  Align=00001  Fill=0000
    DATA              Offs=00006E  Size=000025  Align=00001  Fill=0000
    INIT              Offs=000000  Size=00000C  Align=00001  Fill=0000
/usr/local/lib/cc65/lib/lynx.lib(decax1.o):
    CODE              Offs=001828  Size=000007  Align=00001  Fill=0000
/usr/local/lib/cc65/lib/lynx.lib(decsp4.o):
    CODE              Offs=00182F  Size=00000D  Align=00001  Fill=0000
/usr/local/lib/cc65/lib/lynx.lib(div.o):
    CODE              Offs=00183C  Size=000018  Align=00001  Fill=0000
/usr/local/lib/cc65/lib/lynx.lib(imul16x16r32.o):
    CODE              Offs=001854  Size=00002B  Align=00001  Fill=0000
/usr/local/lib/cc65/lib/lynx.lib(incax8.o):
    CODE              Offs=00187F  Size=000005  Align=00001  Fill=0000
/usr/local/lib/cc65/lib/lynx.lib(incaxy.o):
    CODE              Offs=001884  Size=00000B  Align=00001  Fill=0000
/usr/local/lib/cc65/lib/lynx.lib(incsp1.o):
    CODE              Offs=00188F  Size=000007  Align=00001  Fill=0000
/usr/local/lib/cc65/lib/lynx.lib(incsp2.o):
    CODE              Offs=001896  Size=000015  Align=00001  Fill=0000
/usr/local/lib/cc65/lib/lynx.lib(incsp3.o):
    CODE              Offs=0018AB  Size=000005  Align=00001  Fill=0000
/usr/local/lib/cc65/lib/lynx.lib(incsp4.o):
    CODE              Offs=0018B0  Size=000005  Align=00001  Fill=0000
/usr/local/lib/cc65/lib/lynx.lib(incsp5.o):
    CODE              Offs=0018B5  Size=000005  Align=00001  Fill=0000
/usr/local/lib/cc65/lib/lynx.lib(incsp6.o):
    CODE              Offs=0018BA  Size=000005  Align=00001  Fill=0000
/usr/local/lib/cc65/lib/lynx.lib(ldaxsp.o):
    CODE              Offs=0018BF  Size=000009  Align=00001  Fill=0000
/usr/local/lib/cc65/lib/lynx.lib(ldeaxysp.o):
    CODE              Offs=0018C8  Size=000013  Align=00001  Fill=0000
/usr/local/lib/cc65/lib/lynx.lib(lneg.o):
    CODE              Offs=0018DB  Size=00001E  Align=00001  Fill=0000
/usr/local/lib/cc65/lib/lynx.lib(lpush.o):
    CODE              Offs=0018F9  Size=000021  Align=00001  Fill=0000
/usr/local/lib/cc65/lib/lynx.lib(lsub.o):
    CODE              Offs=00191A  Size=000026  Align=00001  Fill=0000
/usr/local/lib/cc65/lib/lynx.lib(mul8.o):
    CODE              Offs=001940  Size=00003A  Align=00001  Fill=0000
/usr/local/lib/cc65/lib/lynx.lib(mulax3.o):
    CODE              Offs=00197A  Size=000011  Align=00001  Fill=0000
/usr/local/lib/cc65/lib/lynx.lib(neg.o):
    CODE              Offs=00198B  Size=00000E  Align=00001  Fill=0000
/usr/local/lib/cc65/lib/lynx.lib(popa.o):
    CODE              Offs=001999  Size=00000A  Align=00001  Fill=0000
/usr/local/lib/cc65/lib/lynx.lib(popsreg.o):
    CODE              Offs=0019A3  Size=00000F  Align=00001  Fill=0000
/usr/local/lib/cc65/lib/lynx.lib(pusha.o):
    CODE              Offs=0019B2  Size=000016  Align=00001  Fill=0000
/usr/local/lib/cc65/lib/lynx.lib(pushax.o):
    CODE              Offs=0019C8  Size=00001A  Align=00001  Fill=0000
/usr/local/lib/cc65/lib/lynx.lib(pushw.o):
    CODE              Offs=0019E2  Size=00000F  Align=00001  Fill=0000
/usr/local/lib/cc65/lib/lynx.lib(pushwsp.o):
    CODE              Offs=0019F1  Size=00001C  Align=00001  Fill=0000
/usr/local/lib/cc65/lib/lynx.lib(return1.o):
    CODE              Offs=001A0D  Size=000005  Align=00001  Fill=0000
/usr/local/lib/cc65/lib/lynx.lib(shelp.o):
    CODE              Offs=001A12  Size=00001E  Align=00001  Fill=0000
/usr/local/lib/cc65/lib/lynx.lib(shrax2.o):
    CODE              Offs=001A30  Size=00000B  Align=00001  Fill=0000
/usr/local/lib/cc65/lib/lynx.lib(staspidx.o):
    CODE              Offs=001A3B  Size=000016  Align=00001  Fill=0000
/usr/local/lib/cc65/lib/lynx.lib(staxsp.o):
    CODE              Offs=001A51  Size=00000B  Align=00001  Fill=0000
/usr/local/lib/cc65/lib/lynx.lib(staxspi.o):
    CODE              Offs=001A5C  Size=00001B  Align=00001  Fill=0000
/usr/local/lib/cc65/lib/lynx.lib(sub.o):
    CODE              Offs=001A77  Size=000014  Align=00001  Fill=0000
/usr/local/lib/cc65/lib/lynx.lib(udiv.o):
    CODE              Offs=001A8B  Size=00004F  Align=00001  Fill=0000
/usr/local/lib/cc65/lib/lynx.lib(udiv32by16r16.o):
    CODE              Offs=001ADA  Size=000031  Align=00001  Fill=0000
/usr/local/lib/cc65/lib/lynx.lib(umul16x16r32.o):
    CODE              Offs=001B0B  Size=00002C  Align=00001  Fill=0000
/usr/local/lib/cc65/lib/lynx.lib(umul8x16r24.o):
    CODE              Offs=001B37  Size=00002E  Align=00001  Fill=0000
/usr/local/lib/cc65/lib/lynx.lib(zeropage.o):
    ZEROPAGE          Offs=000000  Size=00001A  Align=00001  Fill=0000
/usr/local/lib/cc65/lib/lynx.lib(bllhdr.o):
    BLLHDR            Offs=000000  Size=00000A  Align=00001  Fill=0000
/usr/local/lib/cc65/lib/lynx.lib(cgetc.o):
    CODE              Offs=001B65  Size=000050  Align=00001  Fill=0000
/usr/local/lib/cc65/lib/lynx.lib(clock.o):
    CODE              Offs=001BB5  Size=00003E  Align=00001  Fill=0000
    BSS               Offs=000323  Size=000003  Align=00001  Fill=0000
/usr/local/lib/cc65/lib/lynx.lib(crt0.o):
    CODE              Offs=001BF3  Size=000011  Align=00001  Fill=0000
    RODATA            Offs=002E9E  Size=00002C  Align=00001  Fill=0000
    STARTUP           Offs=000000  Size=00007D  Align=00001  Fill=0000
/usr/local/lib/cc65/lib/lynx.lib(extzp.o):
    EXTZP             Offs=000000  Size=00001A  Align=00001  Fill=0000
/usr/local/lib/cc65/lib/lynx.lib(joy_stat_stddrv.o):
/usr/local/lib/cc65/lib/lynx.lib(kbhit.o):
    CODE              Offs=001C04  Size=000038  Align=00001  Fill=0000
    DATA              Offs=000093  Size=000006  Align=00001  Fill=0000
/usr/local/lib/cc65/lib/lynx.lib(lynx-160-102-16-tgi.o):
    CODE              Offs=001C3C  Size=0006E4  Align=00001  Fill=0000
    BSS               Offs=000326  Size=0000BD  Align=00001  Fill=0000
    DATA              Offs=000099  Size=000059  Align=00001  Fill=0000
/usr/local/lib/cc65/lib/lynx.lib(lynx-stdjoy-joy.o):
    CODE              Offs=002320  Size=000028  Align=00001  Fill=0000
/usr/local/lib/cc65/lib/lynx.lib(tgi_colors.o):
/usr/local/lib/cc65/lib/lynx.lib(tgi_stat_stddrv.o):
/usr/local/lib/cc65/lib/lynx.lib(toascii.o):
    CODE              Offs=002348  Size=000003  Align=00001  Fill=0000
/usr/local/lib/cc65/lib/lynx.lib(strcmp.o):
    CODE              Offs=00234B  Size=000027  Align=00001  Fill=0000
/usr/local/lib/cc65/lib/lynx.lib(strlen.o):
    CODE              Offs=002372  Size=000016  Align=00001  Fill=0000
/usr/local/lib/cc65/lib/lynx.lib(zerobss.o):
    INIT              Offs=00000C  Size=000023  Align=00001  Fill=0000
/usr/local/lib/cc65/lib/lynx.lib(joy-kernel.o):
    CODE              Offs=002388  Size=000062  Align=00001  Fill=0000
    RODATA            Offs=002ECA  Size=000004  Align=00001  Fill=0000
    BSS               Offs=0003E3  Size=00000A  Align=00001  Fill=0000
    DATA              Offs=0000F2  Size=00000F  Align=00001  Fill=0000
/usr/local/lib/cc65/lib/lynx.lib(joy_read.o):
/usr/local/lib/cc65/lib/lynx.lib(tgi-kernel.o):
    CODE              Offs=0023EA  Size=000083  Align=00001  Fill=0000
    RODATA            Offs=002ECE  Size=000004  Align=00001  Fill=0000
    BSS               Offs=0003ED  Size=000028  Align=00001  Fill=0000
    DATA              Offs=000101  Size=00003C  Align=00001  Fill=0000
/usr/local/lib/cc65/lib/lynx.lib(tgi_bar.o):
    CODE              Offs=00246D  Size=0000AD  Align=00001  Fill=0000
/usr/local/lib/cc65/lib/lynx.lib(tgi_clippedline.o):
    CODE              Offs=00251A  Size=0001E3  Align=00001  Fill=0000
    BSS               Offs=000415  Size=000008  Align=00001  Fill=0000
/usr/local/lib/cc65/lib/lynx.lib(tgi_curtoxy.o):
    CODE              Offs=0026FD  Size=000015  Align=00001  Fill=0000
/usr/local/lib/cc65/lib/lynx.lib(tgi_done.o):
    CODE              Offs=002712  Size=00000E  Align=00001  Fill=0000
/usr/local/lib/cc65/lib/lynx.lib(tgi_getmaxx.o):
    CODE              Offs=002720  Size=000007  Align=00001  Fill=0000
/usr/local/lib/cc65/lib/lynx.lib(tgi_getmaxy.o):
    CODE              Offs=002727  Size=000007  Align=00001  Fill=0000
/usr/local/lib/cc65/lib/lynx.lib(tgi_getpalette.o):
/usr/local/lib/cc65/lib/lynx.lib(tgi_gettextwidth.o):
    CODE              Offs=00272E  Size=000057  Align=00001  Fill=0000
/usr/local/lib/cc65/lib/lynx.lib(tgi_getxres.o):
    CODE              Offs=002785  Size=000007  Align=00001  Fill=0000
/usr/local/lib/cc65/lib/lynx.lib(tgi_getyres.o):
    CODE              Offs=00278C  Size=000007  Align=00001  Fill=0000
/usr/local/lib/cc65/lib/lynx.lib(tgi_imulround.o):
    CODE              Offs=002793  Size=000025  Align=00001  Fill=0000
/usr/local/lib/cc65/lib/lynx.lib(tgi_init.o):
    CODE              Offs=0027B8  Size=000058  Align=00001  Fill=0000
/usr/local/lib/cc65/lib/lynx.lib(tgi_ioctl.o):
    CODE              Offs=002810  Size=00000A  Align=00001  Fill=0000
/usr/local/lib/cc65/lib/lynx.lib(tgi_outcode.o):
    CODE              Offs=00281A  Size=000041  Align=00001  Fill=0000
    BSS               Offs=00041D  Size=000008  Align=00001  Fill=0000
/usr/local/lib/cc65/lib/lynx.lib(tgi_outtext.o):
    CODE              Offs=00285B  Size=000091  Align=00001  Fill=0000
/usr/local/lib/cc65/lib/lynx.lib(tgi_outtextxy.o):
    CODE              Offs=0028EC  Size=000021  Align=00001  Fill=0000
/usr/local/lib/cc65/lib/lynx.lib(tgi_setcolor.o):
    CODE              Offs=00290D  Size=00000E  Align=00001  Fill=0000
/usr/local/lib/cc65/lib/lynx.lib(tgi_setpalette.o):
    CODE              Offs=00291B  Size=000007  Align=00001  Fill=0000
/usr/local/lib/cc65/lib/lynx.lib(tgi_settextstyle.o):
    CODE              Offs=002922  Size=000042  Align=00001  Fill=0000
/usr/local/lib/cc65/lib/lynx.lib(tgi_vectorchar.o):
    CODE              Offs=002964  Size=0000D5  Align=00001  Fill=0000
    BSS               Offs=000425  Size=000008  Align=00001  Fill=0000


Segment list:
-------------
Name                   Start     End    Size  Align
----------------------------------------------------
BLLHDR                000000  000009  00000A  00001
ZEROPAGE              000000  000019  00001A  00001
EXTZP                 00001A  000033  00001A  00001
APPZP                 000034  00003A  000007  00001
STARTUP               000400  00047C  00007D  00001
INIT                  00047D  0004AB  00002F  00001
CODE                  0004AC  002EE4  002A39  00001
RODATA                002EE5  005DBE  002EDA  00001
DATA                  005DBF  005EFB  00013D  00001
BSS                   005EFC  006328  00042D  00001


Exports list:
-------------
KBEDG                     005E54 RLA    KBSTL                     005E55 RLA    
_LynxSD_CloseFile         00063B RLA    _LynxSD_OpenFile          0005DF RLA    
_LynxSD_OpenFileTimeout   0006CB RLA    _LynxSD_ReadFile          0005F5 RLA    
_LynxSD_WriteFile         000618 RLA    __BLLHDR__                000001 REA    
__BSS_LOAD__              005EFC RLA    __BSS_RUN__               005EFC RLA    
__BSS_SIZE__              00042D REA    __CALLIRQ__               000001 REA    
__CONSTRUCTOR_COUNT__     000000 REA    __CONSTRUCTOR_TABLE__     0004AC RLA    
__DESTRUCTOR_COUNT__      000000 REA    __DESTRUCTOR_TABLE__      005DB7 RLA    
__INTERRUPTOR_COUNT__     000004 REA    __INTERRUPTOR_TABLE__     005DB7 RLA    
__RAM_SIZE__              00B438 REA    __RAM_START__             000400 RLA    
__STACKSIZE__             000800 REA    __STARTUP__               000001 REA    
__ZP_START__              000000 RLA    __iodat                   00001A RLZ    
__iodir                   00001B RLZ    __sprsys                  00001D RLZ    
__viddma                  00001C RLZ    _bg                       00301E RLA    
_cgetc                    002011 RLA    _checkInput               0011C0 RLA    
_clock                    002061 RLA    _game                     001A2E RLA    
_intro                    00137A RLA    _joy_install              002834 RLA    
_joy_masks                0062E1 RLA    _joy_read                 005EBA REA    
_joy_static_stddrv        0027CC RLA    _kbhit                    0020B0 RLA    
_lnx_eeprom_read          00085D RLA    _lnx_eeprom_write         0008AD RLA    
_lynx_160_102_16          0020E8 RLA    _lynx_snd_continue        000FD2 RLA    
_lynx_snd_init            000952 RLA    _lynx_snd_pause           000FAC RLA    
_lynx_snd_play            000F05 RLA    _lynx_snd_stop            000F71 RLA    
_lynx_stdjoy              0027CC RLA    _main                     00117B RLA    
_reset                    005DC1 RLA    _sounds                   001B79 RLA    
_strcmp                   0027F7 RLA    _strlen                   00281E RLA    
_tgi_bar                  002919 RLA    _tgi_charwidth            0062FA RLA    
_tgi_color                0062F1 RLA    _tgi_colorcount           00630A RLA    
_tgi_curx                 0062ED RLA    _tgi_cury                 0062EF RLA    
_tgi_done                 002BBE RLA    _tgi_error                0062EB RLA    
_tgi_flags                006310 RLA    _tgi_font                 0062F2 RLA    
_tgi_fontheight           00630D RLA    _tgi_fontwidth            00630C RLA    
_tgi_getmaxx              002BCC RLA    _tgi_getmaxy              002BD3 RLA    
_tgi_getpalette           005EE1 REA    _tgi_gettextwidth         002BDA RLA    
_tgi_getxres              002C31 RLA    _tgi_getyres              002C38 RLA    
_tgi_gmode                0062EC RLA    _tgi_init                 002C64 RLA    
_tgi_install              002896 RLA    _tgi_ioctl                002CBC RLA    
_tgi_outtext              002D07 RLA    _tgi_outtextxy            002D98 RLA    
_tgi_setcolor             002DB9 RLA    _tgi_setpalette           002DC7 RLA    
_tgi_settextstyle         002DCE RLA    _tgi_static_stddrv        0020E8 RLA    
_tgi_textdir              0062F3 RLA    _tgi_textscaleh           0062FC RLA    
_tgi_textscalew           0062F6 RLA    _tgi_vectorchar           002E52 RLA    
_tgi_vectorfont           0062F4 RLA    _tgi_xmax                 006302 RLA    
_tgi_xres                 006306 RLA    _tgi_ymax                 006304 RLA    
_tgi_yres                 006308 RLA    _toascii                  0027F4 RLA    
_tree                     00464B RLA    addysp                    001C45 RLA    
addysp1                   001C44 RLA    aslax1                    001C52 RLA    
asrax1                    001CA7 RLA    asraxy                    001C72 RLA    
callirq                   005E0F RLA    callmain                  001CB1 RLA    
decax1                    001CD4 RLA    decsp4                    001CDB RLA    
donelib                   001CC8 RLA    imul16x16r32              001D00 RLA    
incax8                    001D2B RLA    incaxy                    001D32 RLA    
incsp1                    001D3B RLA    incsp2                    001D49 RLA    
incsp3                    001D57 RLA    incsp4                    001D5C RLA    
incsp5                    001D61 RLA    incsp6                    001D66 RLA    
initlib                   00047D RLA    joy_irq                   005EBD  LAI   
joy_read                  005EBA RLA    ldax0sp                   001D6B RLA    
ldaxysp                   001D6D RLA    ldeax0sp                  001D74 RLA    
lynx_snd_handler          0009A6  LAI   mulax3                    001E26 RLA    
negax                     001E37 RLA    negeax                    001D87 RLA    
popa                      001E45 RLA    popax                     001D42 RLA    
popsargs                  001EBE RLA    popsreg                   001E4F RLA    
ptr1                      000008 RLZ    ptr2                      00000A RLZ    
ptr3                      00000C RLZ    ptr4                      00000E RLZ    
push0                     001E74 RLA    pusha                     001E62 RLA    
pusha0                    001E76 RLA    pushax                    001E78 RLA    
pusheax                   001DAE RLA    pushw                     001E8E RLA    
pushw0sp                  001E9D RLA    pushwysp                  001E9F RLA    
regbank                   000014 RLZ    regsave                   000004 RLZ    
return1                   001EB9 RLA    shlax4                    001C5A RLA    
shrax2                    001EDC RLA    sp                        000000 RLZ    
sreg                      000002 RLZ    staspidx                  001EE7 RLA    
stax0sp                   001EFD RLA    staxspidx                 001F08 RLA    
staxysp                   001EFF RLA    tgi_bar                   005EF0 RLA    
tgi_clip_x1               006319 RLA    tgi_clip_x2               00631D RLA    
tgi_clip_y1               00631B RLA    tgi_clip_y2               00631F RLA    
tgi_clippedline           002A8A RLA    tgi_color_white           00000F REZ    
tgi_control               005ECF RLA    tgi_curtoxy               002BA9 RLA    
tgi_done                  005EC9 RLA    tgi_getdefpalette         005EE4 RLA    
tgi_geterror              005ECC RLA    tgi_getpalette            005EE1 RLA    
tgi_imulround             002C46 RLA    tgi_init                  005EC6 RLA    
tgi_inv_arg               0028EB RLA    tgi_irq                   005EF9  LAI   
tgi_line                  005EED RLA    tgi_outcode               002CC6 RLA    
tgi_outtext               005EF6 RLA    tgi_setcolor              005EDB RLA    
tgi_setdrawpage           005ED8 RLA    tgi_setpalette            005EDE RLA    
tgi_setviewpage           005ED5 RLA    tmp1                      000010 RLZ    
tmp2                      000011 RLZ    tosaddax                  001C2D RLA    
tosdiva0                  001CE8 RLA    tosdivax                  001CEA RLA    
tosmula0                  001DEC RLA    tossubax                  001F25 RLA    
tossubeax                 001DCC RLA    udiv16                    001F48 RLA    
udiv32by16r16             001F86 RLA    umul16x16r32              001FB7 RLA    
umul16x16r32m             001FBB RLA    umul8x16r16               001FE3 RLA    
umul8x16r24               001FE3 RLA    update_clock              00208A  LAI   
zerobss                   000489 RLA    


Imports list:
-------------
KBEDG (kbhit.o):
    cgetc.o                   cgetc.s(9)
KBSTL (kbhit.o):
    cgetc.o                   cgetc.s(10)
_LynxSD_CloseFile (LynxSD.o):
    resident.o                resident.s(30)
_LynxSD_OpenFile (LynxSD.o):
    resident.o                resident.s(27)
_LynxSD_OpenFileTimeout (LynxSD.o):
    resident.o                resident.s(31)
_LynxSD_ReadFile (LynxSD.o):
    resident.o                resident.s(28)
_LynxSD_WriteFile (LynxSD.o):
    resident.o                resident.s(29)
__BLLHDR__ (bllhdr.o):
    [linker generated]        /usr/local/lib/cc65/cfg/lynx-bll.cfg(5)
__BSS_LOAD__ ([linker generated]):
    bllhdr.o                  bllhdr.s(6)
__BSS_RUN__ ([linker generated]):
    zerobss.o                 zerobss.s(8)
__BSS_SIZE__ ([linker generated]):
    zerobss.o                 zerobss.s(8)
__CALLIRQ__ (callirq.o):
    [linker generated]        /usr/local/lib/cc65/cfg/lynx-bll.cfg(38)
    [linker generated]        /usr/local/lib/cc65/cfg/lynx-bll.cfg(38)
    [linker generated]        /usr/local/lib/cc65/cfg/lynx-bll.cfg(38)
    [linker generated]        /usr/local/lib/cc65/cfg/lynx-bll.cfg(38)
    [linker generated]        /usr/local/lib/cc65/cfg/lynx-bll.cfg(38)
    [linker generated]        /usr/local/lib/cc65/cfg/lynx-bll.cfg(38)
    [linker generated]        /usr/local/lib/cc65/cfg/lynx-bll.cfg(38)
    [linker generated]        /usr/local/lib/cc65/cfg/lynx-bll.cfg(38)
    [linker generated]        /usr/local/lib/cc65/cfg/lynx-bll.cfg(38)
    [linker generated]        /usr/local/lib/cc65/cfg/lynx-bll.cfg(38)
    [linker generated]        /usr/local/lib/cc65/cfg/lynx-bll.cfg(38)
    [linker generated]        /usr/local/lib/cc65/cfg/lynx-bll.cfg(38)
    [linker generated]        /usr/local/lib/cc65/cfg/lynx-bll.cfg(38)
__CONSTRUCTOR_COUNT__ ([linker generated]):
    condes.o                  condes.s(18)
__CONSTRUCTOR_TABLE__ ([linker generated]):
    condes.o                  condes.s(18)
__DESTRUCTOR_COUNT__ ([linker generated]):
    condes.o                  condes.s(19)
__DESTRUCTOR_TABLE__ ([linker generated]):
    condes.o                  condes.s(19)
__INTERRUPTOR_COUNT__ ([linker generated]):
    crt0.o                    crt0.s(26)
    callirq.o                 callirq.s(34)
__INTERRUPTOR_TABLE__ ([linker generated]):
    callirq.o                 callirq.s(34)
__RAM_SIZE__ ([linker generated]):
    crt0.o                    crt0.s(27)
__RAM_START__ ([linker generated]):
    crt0.o                    crt0.s(27)
    bllhdr.o                  bllhdr.s(7)
__STACKSIZE__ ([linker generated]):
    crt0.o                    crt0.s(27)
    [linker generated]        /usr/local/lib/cc65/cfg/lynx-bll.cfg(10)
__STARTUP__ (crt0.o):
    resident.o                resident.s(13)
__ZP_START__ ([linker generated]):
    lynx-160-102-16-tgi.o     lynx-160-102-16-tgi.s(1771)
    lynx-stdjoy-joy.o         lynx-stdjoy-joy.s(67)
__iodat (extzp.o):
    crt0.o                    extzp.inc(11)
__iodir (extzp.o):
    crt0.o                    extzp.inc(12)
__sprsys (extzp.o):
    crt0.o                    extzp.inc(14)
__viddma (extzp.o):
    crt0.o                    extzp.inc(13)
_bg (bg.o):
    intro.o                   intro.s(19)
_cgetc (cgetc.o):
    resident.o                resident.s(17)
_checkInput (resident.o):
    game.o                    game.s(17)
    intro.o                   intro.s(17)
_clock (clock.o):
    intro.o                   intro.s(16)
_game (game.o):
    resident.o                resident.s(44)
_intro (intro.o):
    resident.o                resident.s(43)
_joy_install (joy-kernel.o):
    resident.o                resident.s(25)
_joy_masks (joy-kernel.o):
    game.o                    game.s(13)
_joy_read (joy_read.o):
    resident.o                resident.s(26)
_joy_static_stddrv (joy_stat_stddrv.o):
    resident.o                resident.s(24)
_kbhit (kbhit.o):
    cgetc.o                   cgetc.s(8)
    resident.o                resident.s(16)
_lnx_eeprom_read (lynxeeprom.o):
    resident.o                resident.s(37)
_lnx_eeprom_write (lynxeeprom.o):
    resident.o                resident.s(38)
_lynx_160_102_16 (lynx-160-102-16-tgi.o):
    tgi_stat_stddrv.o         tgi_stat_stddrv.s(10)
_lynx_snd_continue (lynx-snd.o):
    resident.o                resident.s(41)
_lynx_snd_init (lynx-snd.o):
    resident.o                resident.s(39)
_lynx_snd_pause (lynx-snd.o):
    resident.o                resident.s(40)
_lynx_snd_play (lynx-snd.o):
    game.o                    game.s(19)
_lynx_snd_stop (lynx-snd.o):
    resident.o                resident.s(42)
_lynx_stdjoy (lynx-stdjoy-joy.o):
    joy_stat_stddrv.o         joy_stat_stddrv.s(10)
_main (resident.o):
    callmain.o                callmain.s(11)
_reset (resident.o):
    game.o                    game.s(18)
    intro.o                   intro.s(18)
_sounds (sounds.o):
    game.o                    game.s(20)
_strcmp (strcmp.o):
    resident.o                resident.s(14)
_strlen (strlen.o):
    tgi_gettextwidth.o        tgi_gettextwidth.s(10)
_tgi_bar (tgi_bar.o):
    game.o                    game.s(15)
_tgi_charwidth (tgi-kernel.o):
    tgi_gettextwidth.o        ../../asminc/tgi-kernel.inc(126)
_tgi_color (tgi-kernel.o):
    tgi_setcolor.o            ../../asminc/tgi-kernel.inc(120)
_tgi_colorcount (tgi-kernel.o):
    tgi_setcolor.o            ../../asminc/tgi-kernel.inc(132)
_tgi_curx (tgi-kernel.o):
    tgi_curtoxy.o             ../../asminc/tgi-kernel.inc(118)
    tgi_vectorchar.o          ../../asminc/tgi-kernel.inc(118)
    tgi_outtext.o             ../../asminc/tgi-kernel.inc(118)
    tgi_outtextxy.o           ../../asminc/tgi-kernel.inc(118)
_tgi_cury (tgi-kernel.o):
    tgi_curtoxy.o             ../../asminc/tgi-kernel.inc(119)
    tgi_outtextxy.o           ../../asminc/tgi-kernel.inc(119)
_tgi_done (tgi_done.o):
    tgi_init.o                ../../asminc/tgi-kernel.inc(193)
    tgi-kernel.o              ../../asminc/tgi-kernel.inc(193)
_tgi_error (tgi-kernel.o):
    tgi_init.o                ../../asminc/tgi-kernel.inc(116)
_tgi_flags (tgi-kernel.o):
    tgi_settextstyle.o        ../../asminc/tgi-kernel.inc(137)
_tgi_font (tgi-kernel.o):
    tgi_gettextwidth.o        ../../asminc/tgi-kernel.inc(121)
    tgi_outtext.o             ../../asminc/tgi-kernel.inc(121)
    tgi_settextstyle.o        ../../asminc/tgi-kernel.inc(121)
_tgi_fontheight (tgi-kernel.o):
    tgi_settextstyle.o        ../../asminc/tgi-kernel.inc(135)
_tgi_fontwidth (tgi-kernel.o):
    tgi_settextstyle.o        ../../asminc/tgi-kernel.inc(134)
_tgi_getmaxx (tgi_getmaxx.o):
    tgi_bar.o                 ../../asminc/tgi-kernel.inc(202)
_tgi_getmaxy (tgi_getmaxy.o):
    tgi_bar.o                 ../../asminc/tgi-kernel.inc(203)
_tgi_getpalette (tgi_getpalette.o):
    resident.o                resident.s(22)
_tgi_gettextwidth (tgi_gettextwidth.o):
    tgi_outtext.o             ../../asminc/tgi-kernel.inc(208)
_tgi_getxres (tgi_getxres.o):
    tgi_init.o                ../../asminc/tgi-kernel.inc(209)
_tgi_getyres (tgi_getyres.o):
    tgi_init.o                ../../asminc/tgi-kernel.inc(210)
_tgi_gmode (tgi-kernel.o):
    tgi_init.o                ../../asminc/tgi-kernel.inc(117)
    tgi_done.o                ../../asminc/tgi-kernel.inc(117)
_tgi_init (tgi_init.o):
    resident.o                resident.s(20)
_tgi_install (tgi-kernel.o):
    resident.o                resident.s(19)
_tgi_ioctl (tgi_ioctl.o):
    game.o                    game.s(16)
    intro.o                   intro.s(15)
    resident.o                resident.s(23)
_tgi_outtext (tgi_outtext.o):
    tgi_outtextxy.o           ../../asminc/tgi-kernel.inc(220)
_tgi_outtextxy (tgi_outtextxy.o):
    intro.o                   intro.s(14)
_tgi_setcolor (tgi_setcolor.o):
    tgi_init.o                ../../asminc/tgi-kernel.inc(224)
    game.o                    game.s(14)
    intro.o                   intro.s(13)
_tgi_setpalette (tgi_setpalette.o):
    resident.o                resident.s(21)
_tgi_settextstyle (tgi_settextstyle.o):
    tgi_init.o                ../../asminc/tgi-kernel.inc(230)
_tgi_static_stddrv (tgi_stat_stddrv.o):
    resident.o                resident.s(18)
_tgi_textdir (tgi-kernel.o):
    tgi_vectorchar.o          ../../asminc/tgi-kernel.inc(122)
    tgi_outtext.o             ../../asminc/tgi-kernel.inc(122)
    tgi_settextstyle.o        ../../asminc/tgi-kernel.inc(122)
_tgi_textscaleh (tgi-kernel.o):
    tgi_vectorchar.o          ../../asminc/tgi-kernel.inc(125)
_tgi_textscalew (tgi-kernel.o):
    tgi_gettextwidth.o        ../../asminc/tgi-kernel.inc(124)
    tgi_vectorchar.o          ../../asminc/tgi-kernel.inc(124)
    tgi_outtext.o             ../../asminc/tgi-kernel.inc(124)
    tgi_settextstyle.o        ../../asminc/tgi-kernel.inc(124)
_tgi_vectorchar (tgi_vectorchar.o):
    tgi_outtext.o             ../../asminc/tgi-vectorfont.inc(67)
_tgi_vectorfont (tgi-kernel.o):
    tgi_gettextwidth.o        ../../asminc/tgi-kernel.inc(123)
    tgi_vectorchar.o          ../../asminc/tgi-kernel.inc(123)
    tgi_outtext.o             ../../asminc/tgi-kernel.inc(123)
_tgi_xmax (tgi-kernel.o):
    tgi_clippedline.o         ../../asminc/tgi-kernel.inc(130)
    tgi_init.o                ../../asminc/tgi-kernel.inc(130)
    tgi_getmaxx.o             ../../asminc/tgi-kernel.inc(130)
_tgi_xres (tgi-kernel.o):
    tgi_outcode.o             ../../asminc/tgi-kernel.inc(128)
    tgi_getxres.o             ../../asminc/tgi-kernel.inc(128)
    tgi_bar.o                 ../../asminc/tgi-kernel.inc(128)
_tgi_ymax (tgi-kernel.o):
    tgi_clippedline.o         ../../asminc/tgi-kernel.inc(131)
    tgi_init.o                ../../asminc/tgi-kernel.inc(131)
    tgi_getmaxy.o             ../../asminc/tgi-kernel.inc(131)
_tgi_yres (tgi-kernel.o):
    tgi_outcode.o             ../../asminc/tgi-kernel.inc(129)
    tgi_getyres.o             ../../asminc/tgi-kernel.inc(129)
    tgi_bar.o                 ../../asminc/tgi-kernel.inc(129)
_toascii (toascii.o):
    tgi_gettextwidth.o        tgi_gettextwidth.s(10)
    tgi_outtext.o             tgi_outtext.s(12)
_tree (tree.o):
    game.o                    game.s(21)
addysp (addysp.o):
    incsp6.o                  incsp6.s(8)
    incsp5.o                  incsp5.s(8)
    incsp4.o                  incsp4.s(8)
    incsp3.o                  incsp3.s(8)
    game.o                    game.s(1140)
    game.o                    game.s(1140)
addysp1 (addysp.o):
    tgi_outtextxy.o           tgi_outtextxy.s(10)
    sub.o                     sub.s(8)
    lsub.o                    lsub.s(11)
aslax1 (aslax1.o):
    game.o                    game.s(1140)
    resident.o                resident.s(884)
asrax1 (asrax1.o):
    game.o                    game.s(1140)
asraxy (asr.o):
    game.o                    game.s(1140)
callirq (callirq.o):
    crt0.o                    crt0.s(22)
callmain (callmain.o):
    crt0.o                    crt0.s(24)
decax1 (decax1.o):
    tgi_init.o                tgi_init.s(11)
    game.o                    game.s(1140)
    game.o                    game.s(1140)
    LynxSD.o                  LynxSD.s(816)
    LynxSD.o                  LynxSD.s(816)
decsp4 (decsp4.o):
    lpush.o                   lpush.s(11)
donelib (condes.o):
    crt0.o                    crt0.s(22)
imul16x16r32 (imul16x16r32.o):
    tgi_imulround.o           tgi_imulround.s(14)
incax8 (incax8.o):
    game.o                    game.s(1140)
incaxy (incaxy.o):
    incax8.o                  incax8.s(8)
    resident.o                resident.s(884)
incsp1 (incsp1.o):
    LynxSD.o                  LynxSD.s(816)
incsp2 (incsp2.o):
    staxspi.o                 staxspi.s(8)
    staspidx.o                staspidx.s(8)
    popsreg.o                 popsreg.s(8)
    LynxSD.o                  LynxSD.s(816)
    LynxSD.o                  LynxSD.s(816)
    LynxSD.o                  LynxSD.s(816)
    LynxSD.o                  LynxSD.s(816)
    LynxSD.o                  LynxSD.s(816)
    LynxSD.o                  LynxSD.s(816)
incsp3 (incsp3.o):
    resident.o                resident.s(884)
incsp4 (incsp4.o):
    LynxSD.o                  LynxSD.s(816)
    LynxSD.o                  LynxSD.s(816)
    LynxSD.o                  LynxSD.s(816)
    LynxSD.o                  LynxSD.s(816)
    LynxSD.o                  LynxSD.s(816)
    LynxSD.o                  LynxSD.s(816)
incsp5 (incsp5.o):
    LynxSD.o                  LynxSD.s(816)
incsp6 (incsp6.o):
    game.o                    game.s(1140)
    game.o                    game.s(1140)
    LynxSD.o                  LynxSD.s(816)
initlib (condes.o):
    crt0.o                    crt0.s(22)
joy_read (joy-kernel.o):
    joy_read.o                ../../asminc/joy-kernel.inc(72)
ldax0sp (ldaxsp.o):
    game.o                    game.s(1140)
    game.o                    game.s(1140)
    LynxSD.o                  LynxSD.s(816)
    LynxSD.o                  LynxSD.s(816)
    LynxSD.o                  LynxSD.s(816)
    LynxSD.o                  LynxSD.s(816)
    LynxSD.o                  LynxSD.s(816)
    LynxSD.o                  LynxSD.s(816)
    LynxSD.o                  LynxSD.s(816)
    LynxSD.o                  LynxSD.s(816)
ldaxysp (ldaxsp.o):
    game.o                    game.s(1140)
    game.o                    game.s(1140)
    game.o                    game.s(1140)
    game.o                    game.s(1140)
    resident.o                resident.s(884)
    LynxSD.o                  LynxSD.s(816)
    LynxSD.o                  LynxSD.s(816)
    LynxSD.o                  LynxSD.s(816)
    LynxSD.o                  LynxSD.s(816)
    LynxSD.o                  LynxSD.s(816)
    LynxSD.o                  LynxSD.s(816)
ldeax0sp (ldeaxysp.o):
    LynxSD.o                  LynxSD.s(816)
mulax3 (mulax3.o):
    game.o                    game.s(1140)
negax (neg.o):
    imul16x16r32.o            imul16x16r32.s(8)
    tgi_clippedline.o         tgi_clippedline.s(9)
    tgi_outtext.o             tgi_outtext.s(13)
    shelp.o                   shelp.s(11)
    div.o                     div.s(11)
negeax (lneg.o):
    imul16x16r32.o            imul16x16r32.s(8)
popa (popa.o):
    tgi_settextstyle.o        tgi_settextstyle.s(10)
    tgi_ioctl.o               tgi_ioctl.s(13)
    lynx-snd.o                lynx-snd.s(16)
    lynxeeprom.o              lynxeeprom.s(48)
popax (incsp2.o):
    tgi_imulround.o           tgi_imulround.s(14)
    tgi_settextstyle.o        tgi_settextstyle.s(10)
    tgi_bar.o                 tgi_bar.s(11)
    strcmp.o                  strcmp.s(8)
    shelp.o                   shelp.s(11)
    asr.o                     asr.s(15)
    fadein.o                  fadein.s(22)
popsargs (shelp.o):
    div.o                     div.s(11)
popsreg (popsreg.o):
    udiv.o                    udiv.s(8)
    mul8.o                    mul8.s(9)
ptr1 (zeropage.o):
    strlen.o                  strlen.s(8)
    umul16x16r32.o            ../../asminc/zeropage.inc(12)
    udiv32by16r16.o           ../../asminc/zeropage.inc(12)
    imul16x16r32.o            ../../asminc/zeropage.inc(12)
    tgi_imulround.o           ../../asminc/zeropage.inc(12)
    tgi_gettextwidth.o        ../../asminc/zeropage.inc(12)
    tgi_curtoxy.o             tgi_curtoxy.s(9)
    tgi_clippedline.o         ../../asminc/zeropage.inc(12)
    tgi_vectorchar.o          ../../asminc/zeropage.inc(12)
    tgi_outtext.o             ../../asminc/zeropage.inc(12)
    umul8x16r24.o             ../../asminc/zeropage.inc(12)
    tgi_settextstyle.o        ../../asminc/zeropage.inc(12)
    tgi_setpalette.o          tgi_setpalette.s(12)
    tgi_ioctl.o               tgi_ioctl.s(14)
    tgi_init.o                tgi_init.s(12)
    tgi_bar.o                 tgi_bar.s(10)
    tgi-kernel.o              tgi-kernel.s(10)
    joy-kernel.o              joy-kernel.s(7)
    zerobss.o                 zerobss.s(9)
    strcmp.o                  strcmp.s(9)
    udiv.o                    udiv.s(9)
    staxspi.o                 staxspi.s(9)
    staspidx.o                staspidx.s(9)
    pushw.o                   pushw.s(9)
    mulax3.o                  mulax3.s(8)
    game.o                    game.s(11)
    resident.o                resident.s(11)
    lynx-snd.o                /usr/local/lib/cc65/asminc/zeropage.inc(12)
    lynxeeprom.o              lynxeeprom.s(49)
    fadein.o                  fadein.s(23)
ptr2 (zeropage.o):
    udiv32by16r16.o           ../../asminc/zeropage.inc(12)
    tgi_gettextwidth.o        ../../asminc/zeropage.inc(12)
    tgi_curtoxy.o             tgi_curtoxy.s(9)
    tgi_clippedline.o         ../../asminc/zeropage.inc(12)
    tgi_bar.o                 tgi_bar.s(10)
    strcmp.o                  strcmp.s(9)
ptr3 (zeropage.o):
    umul16x16r32.o            ../../asminc/zeropage.inc(12)
    udiv32by16r16.o           ../../asminc/zeropage.inc(12)
    imul16x16r32.o            ../../asminc/zeropage.inc(12)
    tgi_gettextwidth.o        ../../asminc/zeropage.inc(12)
    tgi_outtext.o             ../../asminc/zeropage.inc(12)
    umul8x16r24.o             ../../asminc/zeropage.inc(12)
    tgi_bar.o                 tgi_bar.s(10)
ptr4 (zeropage.o):
    tgi_bar.o                 tgi_bar.s(10)
    udiv.o                    udiv.s(9)
    shelp.o                   shelp.s(12)
    mul8.o                    mul8.s(10)
push0 (pushax.o):
    game.o                    game.s(1140)
pusha (pusha.o):
    tgi_init.o                tgi_init.s(11)
    game.o                    game.s(1140)
    game.o                    game.s(1140)
    game.o                    game.s(1140)
    game.o                    game.s(1140)
    intro.o                   intro.s(280)
    resident.o                resident.s(884)
    resident.o                resident.s(884)
    resident.o                resident.s(884)
    LynxSD.o                  LynxSD.s(816)
    LynxSD.o                  LynxSD.s(816)
    LynxSD.o                  LynxSD.s(816)
pusha0 (pushax.o):
    game.o                    game.s(1140)
    intro.o                   intro.s(280)
pushax (pushax.o):
    callmain.o                callmain.s(11)
    tgi_init.o                tgi_init.s(11)
    pushw.o                   pushw.s(8)
    game.o                    game.s(1140)
    game.o                    game.s(1140)
    game.o                    game.s(1140)
    game.o                    game.s(1140)
    resident.o                resident.s(884)
    resident.o                resident.s(884)
    resident.o                resident.s(884)
    resident.o                resident.s(884)
    LynxSD.o                  LynxSD.s(816)
    LynxSD.o                  LynxSD.s(816)
    LynxSD.o                  LynxSD.s(816)
    LynxSD.o                  LynxSD.s(816)
    LynxSD.o                  LynxSD.s(816)
    LynxSD.o                  LynxSD.s(816)
    LynxSD.o                  LynxSD.s(816)
    LynxSD.o                  LynxSD.s(816)
    LynxSD.o                  LynxSD.s(816)
    LynxSD.o                  LynxSD.s(816)
    LynxSD.o                  LynxSD.s(816)
    LynxSD.o                  LynxSD.s(816)
pusheax (lpush.o):
    intro.o                   intro.s(280)
    LynxSD.o                  LynxSD.s(816)
    LynxSD.o                  LynxSD.s(816)
pushw (pushw.o):
    resident.o                resident.s(884)
pushw0sp (pushwsp.o):
    game.o                    game.s(1140)
    LynxSD.o                  LynxSD.s(816)
pushwysp (pushwsp.o):
    game.o                    game.s(1140)
    game.o                    game.s(1140)
    game.o                    game.s(1140)
    LynxSD.o                  LynxSD.s(816)
    LynxSD.o                  LynxSD.s(816)
regbank (zeropage.o):
    tgi_vectorchar.o          ../../asminc/zeropage.inc(14)
    tgi_outtext.o             ../../asminc/zeropage.inc(14)
regsave (zeropage.o):
    LynxSD.o                  LynxSD.s(10)
return1 (return1.o):
    kbhit.o                   kbhit.s(10)
shlax4 (aslax4.o):
    resident.o                resident.s(884)
shrax2 (shrax2.o):
    resident.o                resident.s(884)
sp (zeropage.o):
    decsp4.o                  decsp4.s(8)
    tgi_outtextxy.o           tgi_outtextxy.s(11)
    crt0.o                    ../../asminc/zeropage.inc(11)
    sub.o                     sub.s(9)
    staxspi.o                 staxspi.s(9)
    staxsp.o                  staxsp.s(8)
    staspidx.o                staspidx.s(9)
    pushwsp.o                 pushwsp.s(8)
    pushax.o                  pushax.s(8)
    pusha.o                   pusha.s(8)
    popsreg.o                 popsreg.s(9)
    popa.o                    popa.s(8)
    lsub.o                    lsub.s(12)
    lpush.o                   lpush.s(12)
    ldeaxysp.o                ldeaxysp.s(12)
    ldaxsp.o                  ldaxsp.s(8)
    incsp2.o                  incsp2.s(8)
    incsp1.o                  incsp1.s(8)
    addysp.o                  addysp.s(8)
    add.o                     add.s(11)
    game.o                    game.s(10)
    resident.o                resident.s(10)
    LynxSD.o                  LynxSD.s(10)
sreg (zeropage.o):
    umul16x16r32.o            ../../asminc/zeropage.inc(11)
    udiv32by16r16.o           ../../asminc/zeropage.inc(11)
    lneg.o                    lneg.s(11)
    tgi_imulround.o           ../../asminc/zeropage.inc(11)
    tgi_clippedline.o         ../../asminc/zeropage.inc(11)
    umul8x16r24.o             ../../asminc/zeropage.inc(11)
    clock.o                   clock.s(19)
    udiv.o                    udiv.s(9)
    shelp.o                   shelp.s(12)
    popsreg.o                 popsreg.s(9)
    mul8.o                    mul8.s(10)
    lsub.o                    lsub.s(12)
    lpush.o                   lpush.s(12)
    ldeaxysp.o                ldeaxysp.s(12)
    div.o                     div.s(12)
    intro.o                   intro.s(10)
    resident.o                resident.s(10)
    LynxSD.o                  LynxSD.s(10)
staspidx (staspidx.o):
    resident.o                resident.s(884)
    LynxSD.o                  LynxSD.s(816)
stax0sp (staxsp.o):
    LynxSD.o                  LynxSD.s(816)
    LynxSD.o                  LynxSD.s(816)
    LynxSD.o                  LynxSD.s(816)
staxspidx (staxspi.o):
    resident.o                resident.s(884)
staxysp (staxsp.o):
    LynxSD.o                  LynxSD.s(816)
    LynxSD.o                  LynxSD.s(816)
    LynxSD.o                  LynxSD.s(816)
tgi_bar (tgi-kernel.o):
    tgi_bar.o                 ../../asminc/tgi-kernel.inc(166)
tgi_clip_x1 (tgi_outcode.o):
    tgi_clippedline.o         ../../asminc/tgi-kernel.inc(142)
    tgi_vectorchar.o          ../../asminc/tgi-kernel.inc(142)
tgi_clip_x2 (tgi_outcode.o):
    tgi_clippedline.o         ../../asminc/tgi-kernel.inc(144)
tgi_clip_y1 (tgi_outcode.o):
    tgi_clippedline.o         ../../asminc/tgi-kernel.inc(143)
tgi_clip_y2 (tgi_outcode.o):
    tgi_clippedline.o         ../../asminc/tgi-kernel.inc(145)
tgi_clippedline (tgi_clippedline.o):
    tgi_vectorchar.o          ../../asminc/tgi-kernel.inc(174)
tgi_color_white (tgi_colors.o):
    tgi_init.o                ../../asminc/tgi-kernel.inc(110)
tgi_control (tgi-kernel.o):
    tgi_ioctl.o               ../../asminc/tgi-kernel.inc(155)
tgi_curtoxy (tgi_curtoxy.o):
    tgi_outtext.o             ../../asminc/tgi-kernel.inc(175)
tgi_done (tgi-kernel.o):
    tgi_done.o                ../../asminc/tgi-kernel.inc(153)
tgi_getdefpalette (tgi-kernel.o):
    tgi_init.o                ../../asminc/tgi-kernel.inc(162)
tgi_geterror (tgi-kernel.o):
    tgi_init.o                ../../asminc/tgi-kernel.inc(154)
tgi_getpalette (tgi-kernel.o):
    tgi_getpalette.o          ../../asminc/tgi-kernel.inc(161)
tgi_imulround (tgi_imulround.o):
    tgi_gettextwidth.o        ../../asminc/tgi-kernel.inc(177)
    tgi_vectorchar.o          ../../asminc/tgi-kernel.inc(177)
    tgi_outtext.o             ../../asminc/tgi-kernel.inc(177)
tgi_init (tgi-kernel.o):
    tgi_init.o                ../../asminc/tgi-kernel.inc(152)
tgi_inv_arg (tgi-kernel.o):
    tgi_setcolor.o            ../../asminc/tgi-kernel.inc(178)
tgi_line (tgi-kernel.o):
    tgi_clippedline.o         ../../asminc/tgi-kernel.inc(165)
tgi_outcode (tgi_outcode.o):
    tgi_clippedline.o         ../../asminc/tgi-kernel.inc(181)
tgi_outtext (tgi-kernel.o):
    tgi_outtext.o             ../../asminc/tgi-kernel.inc(168)
tgi_setcolor (tgi-kernel.o):
    tgi_setcolor.o            ../../asminc/tgi-kernel.inc(159)
tgi_setdrawpage (tgi-kernel.o):
    tgi_init.o                ../../asminc/tgi-kernel.inc(158)
tgi_setpalette (tgi-kernel.o):
    tgi_setpalette.o          ../../asminc/tgi-kernel.inc(160)
    tgi_init.o                ../../asminc/tgi-kernel.inc(160)
tgi_setviewpage (tgi-kernel.o):
    tgi_init.o                ../../asminc/tgi-kernel.inc(157)
tmp1 (zeropage.o):
    imul16x16r32.o            ../../asminc/zeropage.inc(13)
    tgi_outcode.o             ../../asminc/zeropage.inc(13)
    tgi_clippedline.o         ../../asminc/zeropage.inc(13)
    staxspi.o                 staxspi.s(9)
    staspidx.o                staspidx.s(9)
    shrax2.o                  shrax2.s(8)
    shelp.o                   shelp.s(12)
    incaxy.o                  incaxy.s(8)
    div.o                     div.s(12)
    asrax1.o                  asrax1.s(8)
    asr.o                     asr.s(16)
    aslax4.o                  aslax4.s(8)
    aslax1.o                  aslax1.s(8)
    game.o                    game.s(11)
    intro.o                   intro.s(11)
    fadein.o                  fadein.s(23)
tmp2 (zeropage.o):
    shelp.o                   shelp.s(12)
    div.o                     div.s(12)
tosaddax (add.o):
    game.o                    game.s(1140)
    game.o                    game.s(1140)
tosdiva0 (div.o):
    game.o                    game.s(1140)
tosdivax (div.o):
    game.o                    game.s(1140)
    game.o                    game.s(1140)
tosmula0 (mul8.o):
    game.o                    game.s(1140)
    game.o                    game.s(1140)
tossubax (sub.o):
    game.o                    game.s(1140)
    game.o                    game.s(1140)
tossubeax (lsub.o):
    intro.o                   intro.s(280)
udiv16 (udiv.o):
    div.o                     div.s(11)
udiv32by16r16 (udiv32by16r16.o):
    tgi_clippedline.o         tgi_clippedline.s(8)
umul16x16r32 (umul16x16r32.o):
    tgi_clippedline.o         tgi_clippedline.s(8)
umul16x16r32m (umul16x16r32.o):
    imul16x16r32.o            imul16x16r32.s(8)
umul8x16r16 (umul8x16r24.o):
    tgi_gettextwidth.o        tgi_gettextwidth.s(11)
umul8x16r24 (umul8x16r24.o):
    tgi_settextstyle.o        tgi_settextstyle.s(9)
zerobss (zerobss.o):
    crt0.o                    crt0.s(23)

